ASxxxx Linker V03.00 + NoICE + sdld,  page 1.
Hexadecimal  [32-Bits]

Area                                    Addr        Size        Decimal Bytes (Attributes)
--------------------------------        ----        ----        ------- ----- ------------
CABS                                00000000    00000000 =           0. bytes (ABS,CON,CODE)

      Value  Global                              Global Defined In Module
      -----  --------------------------------   ------------------------
C:   00000000  l_BIT_BANK                      
C:   00000000  l_BSEG                          
C:   00000000  l_BSEG_BYTES                    
C:   00000000  l_CABS                          
C:   00000000  l_CONST                         
C:   00000000  l_GSINIT                        
C:   00000000  l_GSINIT1                       
C:   00000000  l_GSINIT5                       
C:   00000000  l_IABS                          
C:   00000000  l_ISEG                          
C:   00000000  l_OSEG                          
C:   00000000  l_PSEG                          
C:   00000000  l_REG_BANK_1                    
C:   00000000  l_REG_BANK_2                    
C:   00000000  l_REG_BANK_3                    
C:   00000000  l_RSEG                          
C:   00000000  l_RSEG0                         
C:   00000000  l_RSEG1                         
C:   00000000  l_XABS                          
C:   00000000  l_XINIT                         
C:   00000000  l_XISEG                         
C:   00000000  l_XSEG                          
C:   00000000  l__CODE                         
C:   00000000  s_BSEG                          
C:   00000000  s_CABS                          
C:   00000000  s_DSEG                          
C:   00000000  s_HOME                          
C:   00000000  s_IABS                          
C:   00000000  s_ISEG                          
C:   00000000  s_REG_BANK_0                    
C:   00000000  s_RSEG                          
C:   00000000  s_RSEG0                         
C:   00000000  s_RSEG1                         
C:   00000000  s_XABS                          
C:   00000001  s_PSEG                          
C:   00000001  s_XISEG                         
C:   00000001  s_XSEG                          
C:   00000003  l_GSFINAL                       
C:   00000003  l_GSINIT0                       
C:   00000006  l_HOME                          
C:   00000006  s_GSINIT0                       
C:   00000008  l_REG_BANK_0                    
C:   00000008  s_REG_BANK_1                    
C:   00000008  s_SSEG                          
C:   00000009  s_GSINIT1                       
C:   00000009  s_GSINIT2                       
C:   0000000A  l_GSINIT2                       
C:   00000010  s_REG_BANK_2                    
C:   00000013  s_GSINIT3                       
C:   00000018  s_BIT_BANK                      
ASxxxx Linker V03.00 + NoICE + sdld,  page 2.
Hexadecimal  [32-Bits]

Area                                    Addr        Size        Decimal Bytes (Attributes)
--------------------------------        ----        ----        ------- ----- ------------
CABS                                00000000    00000000 =           0. bytes (ABS,CON,CODE)

      Value  Global                              Global Defined In Module
      -----  --------------------------------   ------------------------
C:   00000018  s_OSEG                          
C:   00000018  s_REG_BANK_3                    
C:   00000020  s_BSEG_BYTES                    
C:   00000020  s__CODE                         
C:   00000022  l_GSINIT3                       
C:   0000002A  l_GSINIT4                       
C:   00000035  s_GSINIT4                       
C:   0000005F  s_GSFINAL                       
C:   0000005F  s_GSINIT                        
C:   0000005F  s_GSINIT5                       
C:   00000062  s_CSEG                          
C:   00000080  l_DSEG                          
C:   000000F8  l_SSEG                          
C:   00000100  l_IRAM                          
C:   0000013C  l_CSEG                          
C:   0000019E  s_CONST                         
C:   0000019E  s_XINIT                         

ASxxxx Linker V03.00 + NoICE + sdld,  page 3.
Hexadecimal  [32-Bits]

Area                                    Addr        Size        Decimal Bytes (Attributes)
--------------------------------        ----        ----        ------- ----- ------------
.  .ABS.                            00000000    00000000 =           0. bytes (ABS,CON)

      Value  Global                              Global Defined In Module
      -----  --------------------------------   ------------------------
     00000000  .__.ABS.                           _startup
     00000080  _IOA                               slave_fifo
     00000080  _PA0                               slave_fifo
     00000081  _PA1                               slave_fifo
     00000081  _SP                                slave_fifo
     00000082  _DPL                               slave_fifo
     00000082  _PA2                               slave_fifo
     00000083  _DPH                               slave_fifo
     00000083  _PA3                               slave_fifo
     00000084  _DPL1                              slave_fifo
     00000084  _PA4                               slave_fifo
     00000085  _DPH1                              slave_fifo
     00000085  _PA5                               slave_fifo
     00000086  _DPS                               slave_fifo
     00000086  _PA6                               slave_fifo
     00000087  _PA7                               slave_fifo
     00000087  _PCON                              slave_fifo
     00000088  _IT0                               slave_fifo
     00000088  _TCON                              slave_fifo
     00000089  _IE0                               slave_fifo
     00000089  _TMOD                              slave_fifo
     0000008A  _IT1                               slave_fifo
     0000008A  _TL0                               slave_fifo
     0000008B  _IE1                               slave_fifo
     0000008B  _TL1                               slave_fifo
     0000008C  _TH0                               slave_fifo
     0000008C  _TR0                               slave_fifo
     0000008D  _TF0                               slave_fifo
     0000008D  _TH1                               slave_fifo
     0000008E  _CKCON                             slave_fifo
     0000008E  _TR1                               slave_fifo
     0000008F  _TF1                               slave_fifo
     00000090  _IOB                               slave_fifo
     00000090  _PB0                               slave_fifo
     00000091  _EXIF                              slave_fifo
     00000091  _PB1                               slave_fifo
     00000092  _PB2                               slave_fifo
     00000092  __XPAGE                            slave_fifo
     00000093  _PB3                               slave_fifo
     00000094  _PB4                               slave_fifo
     00000095  _PB5                               slave_fifo
     00000096  _PB6                               slave_fifo
     00000097  _PB7                               slave_fifo
     00000098  _RI                                slave_fifo
     00000098  _SCON0                             slave_fifo
     00000099  _SBUF0                             slave_fifo
     00000099  _TI                                slave_fifo
     0000009A  _AUTOPTRH1                         slave_fifo
     0000009A  _RB8                               slave_fifo
     0000009B  _AUTOPTRL1                         slave_fifo
ASxxxx Linker V03.00 + NoICE + sdld,  page 4.
Hexadecimal  [32-Bits]

Area                                    Addr        Size        Decimal Bytes (Attributes)
--------------------------------        ----        ----        ------- ----- ------------
.  .ABS.                            00000000    00000000 =           0. bytes (ABS,CON)

      Value  Global                              Global Defined In Module
      -----  --------------------------------   ------------------------
     0000009B  _TB8                               slave_fifo
     0000009C  _REN                               slave_fifo
     0000009D  _AUTOPTRH2                         slave_fifo
     0000009D  _SM2                               slave_fifo
     0000009E  _AUTOPTRL2                         slave_fifo
     0000009E  _SM1                               slave_fifo
     0000009F  _SM0                               slave_fifo
     000000A0  _IOC                               slave_fifo
     000000A0  _PC0                               slave_fifo
     000000A1  _INT2CLR                           slave_fifo
     000000A1  _PC1                               slave_fifo
     000000A2  _INT4CLR                           slave_fifo
     000000A2  _PC2                               slave_fifo
     000000A3  _PC3                               slave_fifo
     000000A4  _PC4                               slave_fifo
     000000A5  _PC5                               slave_fifo
     000000A6  _PC6                               slave_fifo
     000000A7  _PC7                               slave_fifo
     000000A8  _EX0                               slave_fifo
     000000A8  _IE                                slave_fifo
     000000A9  _ET0                               slave_fifo
     000000AA  _EP2468STAT                        slave_fifo
     000000AA  _EX1                               slave_fifo
     000000AB  _EP24FIFOFLGS                      slave_fifo
     000000AB  _ET1                               slave_fifo
     000000AC  _EP68FIFOFLGS                      slave_fifo
     000000AC  _ES0                               slave_fifo
     000000AD  _ET2                               slave_fifo
     000000AE  _ES1                               slave_fifo
     000000AF  _AUTOPTRSETUP                      slave_fifo
     000000AF  _EA                                slave_fifo
     000000B0  _IOD                               slave_fifo
     000000B0  _PD0                               slave_fifo
     000000B1  _IOE                               slave_fifo
     000000B1  _PD1                               slave_fifo
     000000B2  _OEA                               slave_fifo
     000000B2  _PD2                               slave_fifo
     000000B3  _OEB                               slave_fifo
     000000B3  _PD3                               slave_fifo
     000000B4  _OEC                               slave_fifo
     000000B4  _PD4                               slave_fifo
     000000B5  _OED                               slave_fifo
     000000B5  _PD5                               slave_fifo
     000000B6  _OEE                               slave_fifo
     000000B6  _PD6                               slave_fifo
     000000B7  _PD7                               slave_fifo
     000000B8  _IP                                slave_fifo
     000000B8  _PX0                               slave_fifo
     000000B9  _PT0                               slave_fifo
     000000BA  _EP01STAT                          slave_fifo
     000000BA  _PX1                               slave_fifo
ASxxxx Linker V03.00 + NoICE + sdld,  page 5.
Hexadecimal  [32-Bits]

Area                                    Addr        Size        Decimal Bytes (Attributes)
--------------------------------        ----        ----        ------- ----- ------------
.  .ABS.                            00000000    00000000 =           0. bytes (ABS,CON)

      Value  Global                              Global Defined In Module
      -----  --------------------------------   ------------------------
     000000BB  _GPIFTRIG                          slave_fifo
     000000BB  _PT1                               slave_fifo
     000000BC  _PS0                               slave_fifo
     000000BD  _GPIFSGLDATH                       slave_fifo
     000000BD  _PT2                               slave_fifo
     000000BE  _GPIFSGLDATLX                      slave_fifo
     000000BE  _PS1                               slave_fifo
     000000BF  _GPIFSGLDATLNOX                    slave_fifo
     000000C0  _RI1                               slave_fifo
     000000C0  _SCON1                             slave_fifo
     000000C1  _SBUF1                             slave_fifo
     000000C1  _TI1                               slave_fifo
     000000C2  _RB81                              slave_fifo
     000000C3  _TB81                              slave_fifo
     000000C4  _REN1                              slave_fifo
     000000C5  _SM21                              slave_fifo
     000000C6  _SM11                              slave_fifo
     000000C7  _SM01                              slave_fifo
     000000C8  _CP_RL2                            slave_fifo
     000000C8  _T2CON                             slave_fifo
     000000C9  _C_T2                              slave_fifo
     000000CA  _RCAP2L                            slave_fifo
     000000CA  _TR2                               slave_fifo
     000000CB  _EXEN2                             slave_fifo
     000000CB  _RCAP2H                            slave_fifo
     000000CC  _TCLK                              slave_fifo
     000000CC  _TL2                               slave_fifo
     000000CD  _RCLK                              slave_fifo
     000000CD  _TH2                               slave_fifo
     000000CE  _EXF2                              slave_fifo
     000000CF  _TF2                               slave_fifo
     000000D0  _P                                 slave_fifo
     000000D0  _PSW                               slave_fifo
     000000D1  _FL                                slave_fifo
     000000D2  _OV                                slave_fifo
     000000D3  _RS0                               slave_fifo
     000000D4  _RS1                               slave_fifo
     000000D5  _F0                                slave_fifo
     000000D6  _AC                                slave_fifo
     000000D7  _CY                                slave_fifo
     000000D8  _EICON                             slave_fifo
     000000DB  _INT6                              slave_fifo
     000000DC  _RESI                              slave_fifo
     000000DD  _ERESI                             slave_fifo
     000000DF  _SMOD1                             slave_fifo
     000000E0  _ACC                               slave_fifo
     000000E8  _EIE                               slave_fifo
     000000E8  _EUSB                              slave_fifo
     000000E9  _EI2C                              slave_fifo
     000000EA  _EIEX4                             slave_fifo
     000000EB  _EIEX5                             slave_fifo
ASxxxx Linker V03.00 + NoICE + sdld,  page 6.
Hexadecimal  [32-Bits]

Area                                    Addr        Size        Decimal Bytes (Attributes)
--------------------------------        ----        ----        ------- ----- ------------
.  .ABS.                            00000000    00000000 =           0. bytes (ABS,CON)

      Value  Global                              Global Defined In Module
      -----  --------------------------------   ------------------------
     000000EC  _EIEX6                             slave_fifo
     000000F0  _B                                 slave_fifo
     000000F8  _EIP                               slave_fifo
     000000F8  _PUSB                              slave_fifo
     000000F9  _PI2C                              slave_fifo
     000000FA  _EIPX4                             slave_fifo
     000000FB  _EIPX5                             slave_fifo
     000000FC  _EIPX6                             slave_fifo
     0000E400  _GPIF_WAVE_DATA                    slave_fifo
     0000E480  _RES_WAVEDATA_END                  slave_fifo
     0000E50D  _GPCR2                             slave_fifo
     0000E600  _CPUCS                             slave_fifo
     0000E601  _IFCONFIG                          slave_fifo
     0000E602  _PINFLAGSAB                        slave_fifo
     0000E603  _PINFLAGSCD                        slave_fifo
     0000E604  _FIFORESET                         slave_fifo
     0000E605  _BREAKPT                           slave_fifo
     0000E606  _BPADDRH                           slave_fifo
     0000E607  _BPADDRL                           slave_fifo
     0000E608  _UART230                           slave_fifo
     0000E609  _FIFOPINPOLAR                      slave_fifo
     0000E60A  _REVID                             slave_fifo
     0000E60B  _REVCTL                            slave_fifo
     0000E60C  _GPIFHOLDAMOUNT                    slave_fifo
     0000E610  _EP1OUTCFG                         slave_fifo
     0000E611  _EP1INCFG                          slave_fifo
     0000E612  _EP2CFG                            slave_fifo
     0000E613  _EP4CFG                            slave_fifo
     0000E614  _EP6CFG                            slave_fifo
     0000E615  _EP8CFG                            slave_fifo
     0000E618  _EP2FIFOCFG                        slave_fifo
     0000E619  _EP4FIFOCFG                        slave_fifo
     0000E61A  _EP6FIFOCFG                        slave_fifo
     0000E61B  _EP8FIFOCFG                        slave_fifo
     0000E620  _EP2AUTOINLENH                     slave_fifo
     0000E621  _EP2AUTOINLENL                     slave_fifo
     0000E622  _EP4AUTOINLENH                     slave_fifo
     0000E623  _EP4AUTOINLENL                     slave_fifo
     0000E624  _EP6AUTOINLENH                     slave_fifo
     0000E625  _EP6AUTOINLENL                     slave_fifo
     0000E626  _EP8AUTOINLENH                     slave_fifo
     0000E627  _EP8AUTOINLENL                     slave_fifo
     0000E628  _ECCCFG                            slave_fifo
     0000E629  _ECCRESET                          slave_fifo
     0000E62A  _ECC1B0                            slave_fifo
     0000E62B  _ECC1B1                            slave_fifo
     0000E62C  _ECC1B2                            slave_fifo
     0000E62D  _ECC2B0                            slave_fifo
     0000E62E  _ECC2B1                            slave_fifo
     0000E62F  _ECC2B2                            slave_fifo
     0000E630  _EP2FIFOPFH                        slave_fifo
ASxxxx Linker V03.00 + NoICE + sdld,  page 7.
Hexadecimal  [32-Bits]

Area                                    Addr        Size        Decimal Bytes (Attributes)
--------------------------------        ----        ----        ------- ----- ------------
.  .ABS.                            00000000    00000000 =           0. bytes (ABS,CON)

      Value  Global                              Global Defined In Module
      -----  --------------------------------   ------------------------
     0000E631  _EP2FIFOPFL                        slave_fifo
     0000E632  _EP4FIFOPFH                        slave_fifo
     0000E633  _EP4FIFOPFL                        slave_fifo
     0000E634  _EP6FIFOPFH                        slave_fifo
     0000E635  _EP6FIFOPFL                        slave_fifo
     0000E636  _EP8FIFOPFH                        slave_fifo
     0000E637  _EP8FIFOPFL                        slave_fifo
     0000E640  _EP2ISOINPKTS                      slave_fifo
     0000E641  _EP4ISOINPKTS                      slave_fifo
     0000E642  _EP6ISOINPKTS                      slave_fifo
     0000E643  _EP8ISOINPKTS                      slave_fifo
     0000E648  _INPKTEND                          slave_fifo
     0000E649  _OUTPKTEND                         slave_fifo
     0000E650  _EP2FIFOIE                         slave_fifo
     0000E651  _EP2FIFOIRQ                        slave_fifo
     0000E652  _EP4FIFOIE                         slave_fifo
     0000E653  _EP4FIFOIRQ                        slave_fifo
     0000E654  _EP6FIFOIE                         slave_fifo
     0000E655  _EP6FIFOIRQ                        slave_fifo
     0000E656  _EP8FIFOIE                         slave_fifo
     0000E657  _EP8FIFOIRQ                        slave_fifo
     0000E658  _IBNIE                             slave_fifo
     0000E659  _IBNIRQ                            slave_fifo
     0000E65A  _NAKIE                             slave_fifo
     0000E65B  _NAKIRQ                            slave_fifo
     0000E65C  _USBIE                             slave_fifo
     0000E65D  _USBIRQ                            slave_fifo
     0000E65E  _EPIE                              slave_fifo
     0000E65F  _EPIRQ                             slave_fifo
     0000E660  _GPIFIE                            slave_fifo
     0000E661  _GPIFIRQ                           slave_fifo
     0000E662  _USBERRIE                          slave_fifo
     0000E663  _USBERRIRQ                         slave_fifo
     0000E664  _ERRCNTLIM                         slave_fifo
     0000E665  _CLRERRCNT                         slave_fifo
     0000E666  _INT2IVEC                          slave_fifo
     0000E667  _INT4IVEC                          slave_fifo
     0000E668  _INTSETUP                          slave_fifo
     0000E670  _PORTACFG                          slave_fifo
     0000E671  _PORTCCFG                          slave_fifo
     0000E672  _PORTECFG                          slave_fifo
     0000E678  _I2CS                              slave_fifo
     0000E679  _I2DAT                             slave_fifo
     0000E67A  _I2CTL                             slave_fifo
     0000E67B  _XAUTODAT1                         slave_fifo
     0000E67C  _XAUTODAT2                         slave_fifo
     0000E67D  _UDMACRCH                          slave_fifo
     0000E67E  _UDMACRCL                          slave_fifo
     0000E67F  _UDMACRCQUAL                       slave_fifo
     0000E680  _USBCS                             slave_fifo
     0000E681  _SUSPEND                           slave_fifo
ASxxxx Linker V03.00 + NoICE + sdld,  page 8.
Hexadecimal  [32-Bits]

Area                                    Addr        Size        Decimal Bytes (Attributes)
--------------------------------        ----        ----        ------- ----- ------------
.  .ABS.                            00000000    00000000 =           0. bytes (ABS,CON)

      Value  Global                              Global Defined In Module
      -----  --------------------------------   ------------------------
     0000E682  _WAKEUPCS                          slave_fifo
     0000E683  _TOGCTL                            slave_fifo
     0000E684  _USBFRAMEH                         slave_fifo
     0000E685  _USBFRAMEL                         slave_fifo
     0000E686  _MICROFRAME                        slave_fifo
     0000E687  _FNADDR                            slave_fifo
     0000E68A  _EP0BCH                            slave_fifo
     0000E68B  _EP0BCL                            slave_fifo
     0000E68D  _EP1OUTBC                          slave_fifo
     0000E68F  _EP1INBC                           slave_fifo
     0000E690  _EP2BCH                            slave_fifo
     0000E691  _EP2BCL                            slave_fifo
     0000E694  _EP4BCH                            slave_fifo
     0000E695  _EP4BCL                            slave_fifo
     0000E698  _EP6BCH                            slave_fifo
     0000E699  _EP6BCL                            slave_fifo
     0000E69C  _EP8BCH                            slave_fifo
     0000E69D  _EP8BCL                            slave_fifo
     0000E6A0  _EP0CS                             slave_fifo
     0000E6A1  _EP1OUTCS                          slave_fifo
     0000E6A2  _EP1INCS                           slave_fifo
     0000E6A3  _EP2CS                             slave_fifo
     0000E6A4  _EP4CS                             slave_fifo
     0000E6A5  _EP6CS                             slave_fifo
     0000E6A6  _EP8CS                             slave_fifo
     0000E6A7  _EP2FIFOFLGS                       slave_fifo
     0000E6A8  _EP4FIFOFLGS                       slave_fifo
     0000E6A9  _EP6FIFOFLGS                       slave_fifo
     0000E6AA  _EP8FIFOFLGS                       slave_fifo
     0000E6AB  _EP2FIFOBCH                        slave_fifo
     0000E6AC  _EP2FIFOBCL                        slave_fifo
     0000E6AD  _EP4FIFOBCH                        slave_fifo
     0000E6AE  _EP4FIFOBCL                        slave_fifo
     0000E6AF  _EP6FIFOBCH                        slave_fifo
     0000E6B0  _EP6FIFOBCL                        slave_fifo
     0000E6B1  _EP8FIFOBCH                        slave_fifo
     0000E6B2  _EP8FIFOBCL                        slave_fifo
     0000E6B3  _SUDPTRH                           slave_fifo
     0000E6B4  _SUDPTRL                           slave_fifo
     0000E6B5  _SUDPTRCTL                         slave_fifo
     0000E6B8  _SETUPDAT                          slave_fifo
     0000E6C0  _GPIFWFSELECT                      slave_fifo
     0000E6C1  _GPIFIDLECS                        slave_fifo
     0000E6C2  _GPIFIDLECTL                       slave_fifo
     0000E6C3  _GPIFCTLCFG                        slave_fifo
     0000E6C4  _GPIFADRH                          slave_fifo
     0000E6C5  _GPIFADRL                          slave_fifo
     0000E6C6  _FLOWSTATE                         slave_fifo
     0000E6C7  _FLOWLOGIC                         slave_fifo
     0000E6C8  _FLOWEQ0CTL                        slave_fifo
     0000E6C9  _FLOWEQ1CTL                        slave_fifo
ASxxxx Linker V03.00 + NoICE + sdld,  page 9.
Hexadecimal  [32-Bits]

Area                                    Addr        Size        Decimal Bytes (Attributes)
--------------------------------        ----        ----        ------- ----- ------------
.  .ABS.                            00000000    00000000 =           0. bytes (ABS,CON)

      Value  Global                              Global Defined In Module
      -----  --------------------------------   ------------------------
     0000E6CA  _FLOWHOLDOFF                       slave_fifo
     0000E6CB  _FLOWSTB                           slave_fifo
     0000E6CC  _FLOWSTBEDGE                       slave_fifo
     0000E6CD  _FLOWSTBHPERIOD                    slave_fifo
     0000E6CE  _GPIFTCB3                          slave_fifo
     0000E6CF  _GPIFTCB2                          slave_fifo
     0000E6D0  _GPIFTCB1                          slave_fifo
     0000E6D1  _GPIFTCB0                          slave_fifo
     0000E6D2  _EP2GPIFFLGSEL                     slave_fifo
     0000E6D3  _EP2GPIFPFSTOP                     slave_fifo
     0000E6D4  _EP2GPIFTRIG                       slave_fifo
     0000E6DA  _EP4GPIFFLGSEL                     slave_fifo
     0000E6DB  _EP4GPIFPFSTOP                     slave_fifo
     0000E6DC  _EP4GPIFTRIG                       slave_fifo
     0000E6E2  _EP6GPIFFLGSEL                     slave_fifo
     0000E6E3  _EP6GPIFPFSTOP                     slave_fifo
     0000E6E4  _EP6GPIFTRIG                       slave_fifo
     0000E6EA  _EP8GPIFFLGSEL                     slave_fifo
     0000E6EB  _EP8GPIFPFSTOP                     slave_fifo
     0000E6EC  _EP8GPIFTRIG                       slave_fifo
     0000E6F0  _XGPIFSGLDATH                      slave_fifo
     0000E6F1  _XGPIFSGLDATLX                     slave_fifo
     0000E6F2  _XGPIFSGLDATLNOX                   slave_fifo
     0000E6F3  _GPIFREADYCFG                      slave_fifo
     0000E6F4  _GPIFREADYSTAT                     slave_fifo
     0000E6F5  _GPIFABORT                         slave_fifo
     0000E740  _EP0BUF                            slave_fifo
     0000E780  _EP1OUTBUF                         slave_fifo
     0000E7C0  _EP1INBUF                          slave_fifo
     0000F000  _EP2FIFOBUF                        slave_fifo
     0000F400  _EP4FIFOBUF                        slave_fifo
     0000F800  _EP6FIFOBUF                        slave_fifo
     0000FC00  _EP8FIFOBUF                        slave_fifo

ASxxxx Linker V03.00 + NoICE + sdld,  page 10.
Hexadecimal  [32-Bits]

Area                                    Addr        Size        Decimal Bytes (Attributes)
--------------------------------        ----        ----        ------- ----- ------------
REG_BANK_0                          00000000    00000008 =           8. bytes (REL,OVR)

      Value  Global                              Global Defined In Module
      -----  --------------------------------   ------------------------
ASxxxx Linker V03.00 + NoICE + sdld,  page 11.
Hexadecimal  [32-Bits]

Area                                    Addr        Size        Decimal Bytes (Attributes)
--------------------------------        ----        ----        ------- ----- ------------
DSEG                                00000000    00000080 =         128. bytes (REL,CON)

      Value  Global                              Global Defined In Module
      -----  --------------------------------   ------------------------
ASxxxx Linker V03.00 + NoICE + sdld,  page 12.
Hexadecimal  [32-Bits]

Area                                    Addr        Size        Decimal Bytes (Attributes)
--------------------------------        ----        ----        ------- ----- ------------
SSEG                                00000008    000000F8 =         248. bytes (REL,OVR)

      Value  Global                              Global Defined In Module
      -----  --------------------------------   ------------------------
     00000008  __start__stack                     slave_fifo

ASxxxx Linker V03.00 + NoICE + sdld,  page 13.
Hexadecimal  [32-Bits]

Area                                    Addr        Size        Decimal Bytes (Attributes)
--------------------------------        ----        ----        ------- ----- ------------
HOME                                00000000    00000006 =           6. bytes (REL,CON,CODE)

      Value  Global                              Global Defined In Module
      -----  --------------------------------   ------------------------
C:   00000003  __sdcc_program_startup             slave_fifo

ASxxxx Linker V03.00 + NoICE + sdld,  page 14.
Hexadecimal  [32-Bits]

Area                                    Addr        Size        Decimal Bytes (Attributes)
--------------------------------        ----        ----        ------- ----- ------------
GSINIT0                             00000006    00000003 =           3. bytes (REL,CON,CODE)

      Value  Global                              Global Defined In Module
      -----  --------------------------------   ------------------------
C:   00000006  __sdcc_gsinit_startup              

ASxxxx Linker V03.00 + NoICE + sdld,  page 15.
Hexadecimal  [32-Bits]

Area                                    Addr        Size        Decimal Bytes (Attributes)
--------------------------------        ----        ----        ------- ----- ------------
GSINIT2                             00000009    0000000A =          10. bytes (REL,CON,CODE)

      Value  Global                              Global Defined In Module
      -----  --------------------------------   ------------------------
ASxxxx Linker V03.00 + NoICE + sdld,  page 16.
Hexadecimal  [32-Bits]

Area                                    Addr        Size        Decimal Bytes (Attributes)
--------------------------------        ----        ----        ------- ----- ------------
GSINIT3                             00000013    00000022 =          34. bytes (REL,CON,CODE)

      Value  Global                              Global Defined In Module
      -----  --------------------------------   ------------------------
C:   00000013  __mcs51_genXINIT                   

ASxxxx Linker V03.00 + NoICE + sdld,  page 17.
Hexadecimal  [32-Bits]

Area                                    Addr        Size        Decimal Bytes (Attributes)
--------------------------------        ----        ----        ------- ----- ------------
GSINIT4                             00000035    0000002A =          42. bytes (REL,CON,CODE)

      Value  Global                              Global Defined In Module
      -----  --------------------------------   ------------------------
C:   00000035  __mcs51_genRAMCLEAR                
C:   0000003B  __mcs51_genXRAMCLEAR               

ASxxxx Linker V03.00 + NoICE + sdld,  page 18.
Hexadecimal  [32-Bits]

Area                                    Addr        Size        Decimal Bytes (Attributes)
--------------------------------        ----        ----        ------- ----- ------------
GSFINAL                             0000005F    00000003 =           3. bytes (REL,CON,CODE)

      Value  Global                              Global Defined In Module
      -----  --------------------------------   ------------------------
ASxxxx Linker V03.00 + NoICE + sdld,  page 19.
Hexadecimal  [32-Bits]

Area                                    Addr        Size        Decimal Bytes (Attributes)
--------------------------------        ----        ----        ------- ----- ------------
CSEG                                00000062    0000013C =         316. bytes (REL,CON,CODE)

      Value  Global                              Global Defined In Module
      -----  --------------------------------   ------------------------
C:   0000018B  _main                              slave_fifo
C:   0000019A  __sdcc_external_startup            _startup

ASxxxx Linker V03.00 + NoICE + sdld,  page 20.

Files Linked                              [ module(s) ]

slave_fifo.rel                            [  ]


Libraries Linked                          [ object file ]

/usr/bin/../share/sdcc/lib/small/mcs51.lib
                                          [ crtclear.rel ]
/usr/bin/../share/sdcc/lib/small/mcs51.lib
                                          [ crtxinit.rel ]
/usr/bin/../share/sdcc/lib/small/mcs51.lib
                                          [ crtxclear.rel ]
/usr/bin/../share/sdcc/lib/small/mcs51.lib
                                          [ crtstart.rel ]
/usr/bin/../share/sdcc/lib/small/libsdcc.lib
                                          [ _startup.rel ]

ASxxxx Linker V03.00 + NoICE + sdld,  page 21.

User Base Address Definitions

HOME = 0x0000
XSEG = 0x0001
PSEG = 0x0001
ISEG = 0x0000
BSEG = 0x0000

