------------------------------------------------------------
Timing Analyzer Summary
------------------------------------------------------------

Type  : Slow 1100mV 85C Model Setup 'CLK'
Slack : -4.601
TNS   : -8474.402

Type  : Slow 1100mV 85C Model Hold 'CLK'
Slack : 0.242
TNS   : 0.000

Type  : Slow 1100mV 85C Model Minimum Pulse Width 'CLK'
Slack : -2.636
TNS   : -4283.077

Type  : Slow 1100mV 0C Model Setup 'CLK'
Slack : -4.560
TNS   : -8209.848

Type  : Slow 1100mV 0C Model Hold 'CLK'
Slack : 0.196
TNS   : 0.000

Type  : Slow 1100mV 0C Model Minimum Pulse Width 'CLK'
Slack : -2.636
TNS   : -4566.683

Type  : Fast 1100mV 85C Model Setup 'CLK'
Slack : -2.467
TNS   : -3701.143

Type  : Fast 1100mV 85C Model Hold 'CLK'
Slack : 0.152
TNS   : 0.000

Type  : Fast 1100mV 85C Model Minimum Pulse Width 'CLK'
Slack : -2.636
TNS   : -1624.234

Type  : Fast 1100mV 0C Model Setup 'CLK'
Slack : -2.146
TNS   : -3062.396

Type  : Fast 1100mV 0C Model Hold 'CLK'
Slack : 0.113
TNS   : 0.000

Type  : Fast 1100mV 0C Model Minimum Pulse Width 'CLK'
Slack : -2.636
TNS   : -1633.733

------------------------------------------------------------
