Analysis & Synthesis report for FFT
Wed Mar 31 10:03:11 2021
Quartus Prime Version 20.1.1 Build 720 11/11/2020 SJ Lite Edition


---------------------
; Table of Contents ;
---------------------
  1. Legal Notice
  2. Analysis & Synthesis Summary
  3. Analysis & Synthesis Settings
  4. Parallel Compilation
  5. Analysis & Synthesis Messages
  6. Analysis & Synthesis Suppressed Messages



----------------
; Legal Notice ;
----------------
Copyright (C) 2020  Intel Corporation. All rights reserved.
Your use of Intel Corporation's design tools, logic functions 
and other software and tools, and any partner logic 
functions, and any output files from any of the foregoing 
(including device programming or simulation files), and any 
associated documentation or information are expressly subject 
to the terms and conditions of the Intel Program License 
Subscription Agreement, the Intel Quartus Prime License Agreement,
the Intel FPGA IP License Agreement, or other applicable license
agreement, including, without limitation, that your use is for
the sole purpose of programming logic devices manufactured by
Intel and sold by Intel or its authorized distributors.  Please
refer to the applicable agreement for further details, at
https://fpgasoftware.intel.com/eula.



+---------------------------------------------------------------------------+
; Analysis & Synthesis Summary                                              ;
+-----------------------------+---------------------------------------------+
; Analysis & Synthesis Status ; Failed - Wed Mar 31 10:03:11 2021           ;
; Quartus Prime Version       ; 20.1.1 Build 720 11/11/2020 SJ Lite Edition ;
; Revision Name               ; FFT                                         ;
; Top-level Entity Name       ; FFT                                         ;
; Family                      ; Cyclone V                                   ;
; Logic utilization (in ALMs) ; N/A until Partition Merge                   ;
; Total registers             ; N/A until Partition Merge                   ;
; Total pins                  ; N/A until Partition Merge                   ;
; Total virtual pins          ; N/A until Partition Merge                   ;
; Total block memory bits     ; N/A until Partition Merge                   ;
; Total PLLs                  ; N/A until Partition Merge                   ;
; Total DLLs                  ; N/A until Partition Merge                   ;
+-----------------------------+---------------------------------------------+


+---------------------------------------------------------------------------------------------------------------------------+
; Analysis & Synthesis Settings                                                                                             ;
+---------------------------------------------------------------------------------+--------------------+--------------------+
; Option                                                                          ; Setting            ; Default Value      ;
+---------------------------------------------------------------------------------+--------------------+--------------------+
; Device                                                                          ; 5CSEMA6F31C6       ;                    ;
; Top-level entity name                                                           ; FFT                ; FFT                ;
; Family name                                                                     ; Cyclone V          ; Cyclone V          ;
; Use smart compilation                                                           ; Off                ; Off                ;
; Enable parallel Assembler and Timing Analyzer during compilation                ; On                 ; On                 ;
; Enable compact report table                                                     ; Off                ; Off                ;
; Restructure Multiplexers                                                        ; Auto               ; Auto               ;
; MLAB Add Timing Constraints For Mixed-Port Feed-Through Mode Setting Don't Care ; Off                ; Off                ;
; Create Debugging Nodes for IP Cores                                             ; Off                ; Off                ;
; Preserve fewer node names                                                       ; On                 ; On                 ;
; Intel FPGA IP Evaluation Mode                                                   ; Enable             ; Enable             ;
; Verilog Version                                                                 ; Verilog_2001       ; Verilog_2001       ;
; VHDL Version                                                                    ; VHDL_1993          ; VHDL_1993          ;
; State Machine Processing                                                        ; Auto               ; Auto               ;
; Safe State Machine                                                              ; Off                ; Off                ;
; Extract Verilog State Machines                                                  ; On                 ; On                 ;
; Extract VHDL State Machines                                                     ; On                 ; On                 ;
; Ignore Verilog initial constructs                                               ; Off                ; Off                ;
; Iteration limit for constant Verilog loops                                      ; 5000               ; 5000               ;
; Iteration limit for non-constant Verilog loops                                  ; 250                ; 250                ;
; Add Pass-Through Logic to Inferred RAMs                                         ; On                 ; On                 ;
; Infer RAMs from Raw Logic                                                       ; On                 ; On                 ;
; Parallel Synthesis                                                              ; On                 ; On                 ;
; DSP Block Balancing                                                             ; Auto               ; Auto               ;
; NOT Gate Push-Back                                                              ; On                 ; On                 ;
; Power-Up Don't Care                                                             ; On                 ; On                 ;
; Remove Redundant Logic Cells                                                    ; Off                ; Off                ;
; Remove Duplicate Registers                                                      ; On                 ; On                 ;
; Ignore CARRY Buffers                                                            ; Off                ; Off                ;
; Ignore CASCADE Buffers                                                          ; Off                ; Off                ;
; Ignore GLOBAL Buffers                                                           ; Off                ; Off                ;
; Ignore ROW GLOBAL Buffers                                                       ; Off                ; Off                ;
; Ignore LCELL Buffers                                                            ; Off                ; Off                ;
; Ignore SOFT Buffers                                                             ; On                 ; On                 ;
; Limit AHDL Integers to 32 Bits                                                  ; Off                ; Off                ;
; Optimization Technique                                                          ; Balanced           ; Balanced           ;
; Carry Chain Length                                                              ; 70                 ; 70                 ;
; Auto Carry Chains                                                               ; On                 ; On                 ;
; Auto Open-Drain Pins                                                            ; On                 ; On                 ;
; Perform WYSIWYG Primitive Resynthesis                                           ; Off                ; Off                ;
; Auto ROM Replacement                                                            ; On                 ; On                 ;
; Auto RAM Replacement                                                            ; On                 ; On                 ;
; Auto DSP Block Replacement                                                      ; On                 ; On                 ;
; Auto Shift Register Replacement                                                 ; Auto               ; Auto               ;
; Allow Shift Register Merging across Hierarchies                                 ; Auto               ; Auto               ;
; Auto Clock Enable Replacement                                                   ; On                 ; On                 ;
; Strict RAM Replacement                                                          ; Off                ; Off                ;
; Allow Synchronous Control Signals                                               ; On                 ; On                 ;
; Force Use of Synchronous Clear Signals                                          ; Off                ; Off                ;
; Auto Resource Sharing                                                           ; Off                ; Off                ;
; Allow Any RAM Size For Recognition                                              ; Off                ; Off                ;
; Allow Any ROM Size For Recognition                                              ; Off                ; Off                ;
; Allow Any Shift Register Size For Recognition                                   ; Off                ; Off                ;
; Use LogicLock Constraints during Resource Balancing                             ; On                 ; On                 ;
; Ignore translate_off and synthesis_off directives                               ; Off                ; Off                ;
; Timing-Driven Synthesis                                                         ; On                 ; On                 ;
; Report Parameter Settings                                                       ; On                 ; On                 ;
; Report Source Assignments                                                       ; On                 ; On                 ;
; Report Connectivity Checks                                                      ; On                 ; On                 ;
; Ignore Maximum Fan-Out Assignments                                              ; Off                ; Off                ;
; Synchronization Register Chain Length                                           ; 3                  ; 3                  ;
; Power Optimization During Synthesis                                             ; Normal compilation ; Normal compilation ;
; HDL message level                                                               ; Level2             ; Level2             ;
; Suppress Register Optimization Related Messages                                 ; Off                ; Off                ;
; Number of Removed Registers Reported in Synthesis Report                        ; 5000               ; 5000               ;
; Number of Swept Nodes Reported in Synthesis Report                              ; 5000               ; 5000               ;
; Number of Inverted Registers Reported in Synthesis Report                       ; 100                ; 100                ;
; Clock MUX Protection                                                            ; On                 ; On                 ;
; Auto Gated Clock Conversion                                                     ; Off                ; Off                ;
; Block Design Naming                                                             ; Auto               ; Auto               ;
; SDC constraint protection                                                       ; Off                ; Off                ;
; Synthesis Effort                                                                ; Auto               ; Auto               ;
; Shift Register Replacement - Allow Asynchronous Clear Signal                    ; On                 ; On                 ;
; Pre-Mapping Resynthesis Optimization                                            ; Off                ; Off                ;
; Analysis & Synthesis Message Level                                              ; Medium             ; Medium             ;
; Disable Register Merging Across Hierarchies                                     ; Auto               ; Auto               ;
; Resource Aware Inference For Block RAM                                          ; On                 ; On                 ;
; Automatic Parallel Synthesis                                                    ; On                 ; On                 ;
; Partial Reconfiguration Bitstream ID                                            ; Off                ; Off                ;
+---------------------------------------------------------------------------------+--------------------+--------------------+


+------------------------------------------+
; Parallel Compilation                     ;
+----------------------------+-------------+
; Processors                 ; Number      ;
+----------------------------+-------------+
; Number detected on machine ; 4           ;
; Maximum allowed            ; 2           ;
;                            ;             ;
; Average used               ; 1.00        ;
; Maximum used               ; 1           ;
;                            ;             ;
; Usage by Processor         ; % Time Used ;
;     Processor 1            ; 100.0%      ;
+----------------------------+-------------+


+-------------------------------+
; Analysis & Synthesis Messages ;
+-------------------------------+
Info: *******************************************************************
Info: Running Quartus Prime Analysis & Synthesis
    Info: Version 20.1.1 Build 720 11/11/2020 SJ Lite Edition
    Info: Processing started: Wed Mar 31 10:02:56 2021
Info: Command: quartus_map --read_settings_files=on --write_settings_files=off FFT -c FFT
Warning (18236): Number of processors has not been specified which may cause overloading on shared machines.  Set the global assignment NUM_PARALLEL_PROCESSORS in your QSF to an appropriate value for best performance.
Info (20030): Parallel compilation is enabled and will use 2 of the 2 processors detected
Error (10170): Verilog HDL syntax error at divbyN.sv(14) near text: "if";  expecting "endmodule". Check for and fix any syntax errors that appear immediately before or at the specified keyword. The Intel FPGA Knowledge Database contains many articles with specific details on how to resolve this error. Visit the Knowledge Database at https://www.altera.com/support/support-resources/knowledge-base/search.html and search for this specific error message number. File: C:/Users/Jeff/Documents/GitHub/FFT/recursive_FFT/divbyN.sv Line: 14
Error (10170): Verilog HDL syntax error at divbyN.sv(18) near text: "=";  expecting ".", or an identifier. Check for and fix any syntax errors that appear immediately before or at the specified keyword. The Intel FPGA Knowledge Database contains many articles with specific details on how to resolve this error. Visit the Knowledge Database at https://www.altera.com/support/support-resources/knowledge-base/search.html and search for this specific error message number. File: C:/Users/Jeff/Documents/GitHub/FFT/recursive_FFT/divbyN.sv Line: 18
Error (10170): Verilog HDL syntax error at divbyN.sv(27) near text: "end";  expecting "endmodule". Check for and fix any syntax errors that appear immediately before or at the specified keyword. The Intel FPGA Knowledge Database contains many articles with specific details on how to resolve this error. Visit the Knowledge Database at https://www.altera.com/support/support-resources/knowledge-base/search.html and search for this specific error message number. File: C:/Users/Jeff/Documents/GitHub/FFT/recursive_FFT/divbyN.sv Line: 27
Error (10112): Ignored design unit "divbyN" at divbyN.sv(3) due to previous errors File: C:/Users/Jeff/Documents/GitHub/FFT/recursive_FFT/divbyN.sv Line: 3
Error (10170): Verilog HDL syntax error at FFT.sv(23) near text: "if";  expecting "endmodule". Check for and fix any syntax errors that appear immediately before or at the specified keyword. The Intel FPGA Knowledge Database contains many articles with specific details on how to resolve this error. Visit the Knowledge Database at https://www.altera.com/support/support-resources/knowledge-base/search.html and search for this specific error message number. File: C:/Users/Jeff/Documents/GitHub/FFT/recursive_FFT/FFT.sv Line: 23
Error (10170): Verilog HDL syntax error at FFT.sv(23) near text: ")";  expecting ".", or an identifier. Check for and fix any syntax errors that appear immediately before or at the specified keyword. The Intel FPGA Knowledge Database contains many articles with specific details on how to resolve this error. Visit the Knowledge Database at https://www.altera.com/support/support-resources/knowledge-base/search.html and search for this specific error message number. File: C:/Users/Jeff/Documents/GitHub/FFT/recursive_FFT/FFT.sv Line: 23
Error (10170): Verilog HDL syntax error at FFT.sv(28) near text: "end";  expecting "endmodule". Check for and fix any syntax errors that appear immediately before or at the specified keyword. The Intel FPGA Knowledge Database contains many articles with specific details on how to resolve this error. Visit the Knowledge Database at https://www.altera.com/support/support-resources/knowledge-base/search.html and search for this specific error message number. File: C:/Users/Jeff/Documents/GitHub/FFT/recursive_FFT/FFT.sv Line: 28
Error (10112): Ignored design unit "FFT" at FFT.sv(10) due to previous errors File: C:/Users/Jeff/Documents/GitHub/FFT/recursive_FFT/FFT.sv Line: 10
Error (10112): Ignored design unit "iFFT" at FFT.sv(34) due to previous errors File: C:/Users/Jeff/Documents/GitHub/FFT/recursive_FFT/FFT.sv Line: 34
Error (10170): Verilog HDL syntax error at FFT.sv(55) near text: "if";  expecting "endmodule". Check for and fix any syntax errors that appear immediately before or at the specified keyword. The Intel FPGA Knowledge Database contains many articles with specific details on how to resolve this error. Visit the Knowledge Database at https://www.altera.com/support/support-resources/knowledge-base/search.html and search for this specific error message number. File: C:/Users/Jeff/Documents/GitHub/FFT/recursive_FFT/FFT.sv Line: 55
Error (10112): Ignored design unit "RecursiveFFT" at FFT.sv(49) due to previous errors File: C:/Users/Jeff/Documents/GitHub/FFT/recursive_FFT/FFT.sv Line: 49
Info (12021): Found 0 design units, including 0 entities, in source file fft.sv
Error (10228): Verilog HDL error at swap.sv(1): module "swap" cannot be declared more than once File: C:/Users/Jeff/Documents/GitHub/FFT/recursive_FFT/swap.sv Line: 1
Info (10499): HDL info at swap.sv(1): see declaration for object "swap" File: C:/Users/Jeff/Documents/GitHub/FFT/recursive_FFT/swap.sv Line: 1
Info (12021): Found 0 design units, including 0 entities, in source file swap.sv
Error (10228): Verilog HDL error at invN.sv(1): module "invN" cannot be declared more than once File: C:/Users/Jeff/Documents/GitHub/FFT/recursive_FFT/invN.sv Line: 1
Info (10499): HDL info at invN.sv(1): see declaration for object "invN" File: C:/Users/Jeff/Documents/GitHub/FFT/recursive_FFT/invN.sv Line: 1
Info (12021): Found 0 design units, including 0 entities, in source file invn.sv
Error (10228): Verilog HDL error at butterfly.sv(1): module "butterfly" cannot be declared more than once File: C:/Users/Jeff/Documents/GitHub/FFT/recursive_FFT/butterfly.sv Line: 1
Info (10499): HDL info at butterfly.sv(1): see declaration for object "butterfly" File: C:/Users/Jeff/Documents/GitHub/FFT/recursive_FFT/butterfly.sv Line: 1
Info (12021): Found 0 design units, including 0 entities, in source file butterfly.sv
Error (10228): Verilog HDL error at computeMatrix.sv(1): module "computeMatrix" cannot be declared more than once File: C:/Users/Jeff/Documents/GitHub/FFT/recursive_FFT/computeMatrix.sv Line: 1
Info (10499): HDL info at computeMatrix.sv(1): see declaration for object "computeMatrix" File: C:/Users/Jeff/Documents/GitHub/FFT/recursive_FFT/computeMatrix.sv Line: 1
Info (12021): Found 0 design units, including 0 entities, in source file computematrix.sv
Error (10228): Verilog HDL error at invN.sv(1): module "invN" cannot be declared more than once File: C:/Users/Jeff/Documents/GitHub/FFT/recursive_FFT/invN.sv Line: 1
Info (10499): HDL info at invN.sv(1): see declaration for object "invN" File: C:/Users/Jeff/Documents/GitHub/FFT/recursive_FFT/invN.sv Line: 1
Error (10170): Verilog HDL syntax error at divbyN.sv(14) near text: "if";  expecting "endmodule". Check for and fix any syntax errors that appear immediately before or at the specified keyword. The Intel FPGA Knowledge Database contains many articles with specific details on how to resolve this error. Visit the Knowledge Database at https://www.altera.com/support/support-resources/knowledge-base/search.html and search for this specific error message number. File: C:/Users/Jeff/Documents/GitHub/FFT/recursive_FFT/divbyN.sv Line: 14
Error (10170): Verilog HDL syntax error at divbyN.sv(18) near text: "=";  expecting ".", or an identifier. Check for and fix any syntax errors that appear immediately before or at the specified keyword. The Intel FPGA Knowledge Database contains many articles with specific details on how to resolve this error. Visit the Knowledge Database at https://www.altera.com/support/support-resources/knowledge-base/search.html and search for this specific error message number. File: C:/Users/Jeff/Documents/GitHub/FFT/recursive_FFT/divbyN.sv Line: 18
Error (10170): Verilog HDL syntax error at divbyN.sv(27) near text: "end";  expecting "endmodule". Check for and fix any syntax errors that appear immediately before or at the specified keyword. The Intel FPGA Knowledge Database contains many articles with specific details on how to resolve this error. Visit the Knowledge Database at https://www.altera.com/support/support-resources/knowledge-base/search.html and search for this specific error message number. File: C:/Users/Jeff/Documents/GitHub/FFT/recursive_FFT/divbyN.sv Line: 27
Error (10112): Ignored design unit "divbyN" at divbyN.sv(3) due to previous errors File: C:/Users/Jeff/Documents/GitHub/FFT/recursive_FFT/divbyN.sv Line: 3
Info (12021): Found 0 design units, including 0 entities, in source file divbyn.sv
Info (144001): Generated suppressed messages file C:/Users/Jeff/Documents/GitHub/FFT/recursive_FFT/output_files/FFT.map.smsg
Error: Quartus Prime Analysis & Synthesis was unsuccessful. 20 errors, 1 warning
    Error: Peak virtual memory: 4762 megabytes
    Error: Processing ended: Wed Mar 31 10:03:11 2021
    Error: Elapsed time: 00:00:15
    Error: Total CPU time (on all processors): 00:00:30


+------------------------------------------+
; Analysis & Synthesis Suppressed Messages ;
+------------------------------------------+
The suppressed messages can be found in C:/Users/Jeff/Documents/GitHub/FFT/recursive_FFT/output_files/FFT.map.smsg.


