------------------------------------------------------------
Timing Analyzer Summary
------------------------------------------------------------

Type  : Slow 1100mV 85C Model Setup 'clock'
Slack : -6.579
TNS   : -2500.320

Type  : Slow 1100mV 85C Model Hold 'clock'
Slack : 0.331
TNS   : 0.000

Type  : Slow 1100mV 85C Model Minimum Pulse Width 'clock'
Slack : -2.225
TNS   : -1291.820

Type  : Slow 1100mV 0C Model Setup 'clock'
Slack : -6.663
TNS   : -2540.137

Type  : Slow 1100mV 0C Model Hold 'clock'
Slack : 0.316
TNS   : 0.000

Type  : Slow 1100mV 0C Model Minimum Pulse Width 'clock'
Slack : -2.225
TNS   : -1337.760

Type  : Fast 1100mV 85C Model Setup 'clock'
Slack : -3.307
TNS   : -1090.006

Type  : Fast 1100mV 85C Model Hold 'clock'
Slack : 0.180
TNS   : 0.000

Type  : Fast 1100mV 85C Model Minimum Pulse Width 'clock'
Slack : -2.174
TNS   : -799.151

Type  : Fast 1100mV 0C Model Setup 'clock'
Slack : -3.030
TNS   : -973.767

Type  : Fast 1100mV 0C Model Hold 'clock'
Slack : 0.168
TNS   : 0.000

Type  : Fast 1100mV 0C Model Minimum Pulse Width 'clock'
Slack : -2.174
TNS   : -800.231

------------------------------------------------------------
