------------------------------------------------------------
Timing Analyzer Summary
------------------------------------------------------------

Type  : Slow 1100mV 85C Model Setup 'clk'
Slack : -0.267
TNS   : -1.662

Type  : Slow 1100mV 85C Model Hold 'clk'
Slack : 0.250
TNS   : 0.000

Type  : Slow 1100mV 85C Model Minimum Pulse Width 'clk'
Slack : -0.394
TNS   : -4.714

Type  : Slow 1100mV 0C Model Setup 'clk'
Slack : -0.288
TNS   : -1.951

Type  : Slow 1100mV 0C Model Hold 'clk'
Slack : 0.228
TNS   : 0.000

Type  : Slow 1100mV 0C Model Minimum Pulse Width 'clk'
Slack : -0.394
TNS   : -5.141

Type  : Fast 1100mV 85C Model Setup 'clk'
Slack : 0.276
TNS   : 0.000

Type  : Fast 1100mV 85C Model Hold 'clk'
Slack : 0.147
TNS   : 0.000

Type  : Fast 1100mV 85C Model Minimum Pulse Width 'clk'
Slack : -0.081
TNS   : -0.714

Type  : Fast 1100mV 0C Model Setup 'clk'
Slack : 0.310
TNS   : 0.000

Type  : Fast 1100mV 0C Model Hold 'clk'
Slack : 0.135
TNS   : 0.000

Type  : Fast 1100mV 0C Model Minimum Pulse Width 'clk'
Slack : -0.081
TNS   : -0.719

------------------------------------------------------------
