------------------------------------------------------------
Timing Analyzer Summary
------------------------------------------------------------

Type  : Slow 1100mV 85C Model Setup 'clk'
Slack : -0.840
TNS   : -5.316

Type  : Slow 1100mV 85C Model Hold 'clk'
Slack : 0.360
TNS   : 0.000

Type  : Slow 1100mV 85C Model Minimum Pulse Width 'clk'
Slack : -0.394
TNS   : -4.793

Type  : Slow 1100mV 0C Model Setup 'clk'
Slack : -0.914
TNS   : -5.608

Type  : Slow 1100mV 0C Model Hold 'clk'
Slack : 0.361
TNS   : 0.000

Type  : Slow 1100mV 0C Model Minimum Pulse Width 'clk'
Slack : -0.394
TNS   : -5.113

Type  : Fast 1100mV 85C Model Setup 'clk'
Slack : 0.006
TNS   : 0.000

Type  : Fast 1100mV 85C Model Hold 'clk'
Slack : 0.181
TNS   : 0.000

Type  : Fast 1100mV 85C Model Minimum Pulse Width 'clk'
Slack : -0.082
TNS   : -0.727

Type  : Fast 1100mV 0C Model Setup 'clk'
Slack : 0.031
TNS   : 0.000

Type  : Fast 1100mV 0C Model Hold 'clk'
Slack : 0.174
TNS   : 0.000

Type  : Fast 1100mV 0C Model Minimum Pulse Width 'clk'
Slack : -0.080
TNS   : -0.702

------------------------------------------------------------
